exports[`test renders correctly without props 1`] = `
<View
  accessibilityComponentType={undefined}
  accessibilityLabel={undefined}
  accessibilityTraits={undefined}
  accessible={true}
  hitSlop={undefined}
  onLayout={undefined}
  onResponderGrant={[Function]}
  onResponderMove={[Function]}
  onResponderRelease={[Function]}
  onResponderTerminate={[Function]}
  onResponderTerminationRequest={[Function]}
  onStartShouldSetResponder={[Function]}
  style={
    Array [
      Object {
        "backgroundColor": "transparent",
      },
      Object {
        "paddingHorizontal": 15,
        "paddingVertical": 10,
      },
    ]
  }
  testID={undefined}>
  <Text
    accessible={true}
    allowFontScaling={false}
    ellipsizeMode="tail"
    style={
      Array [
        Object {
          "color": "white",
          "fontFamily": "FontAwesome",
          "fontSize": 24,
          "fontStyle": "normal",
          "fontWeight": "normal",
        },
        undefined,
      ]
    }>
    ï€“
  </Text>
</View>
`;
